// Jest Snapshot v1, https://goo.gl/fbAQLP

exports[`Home page matches snapshot 1`] = `
<DocumentFragment>
  .c1 {
  font-family: Roboto-Bold;
  font-weight: 700;
  font-size: 24px;
  line-height: normal;
  margin: 0;
  margin-bottom: 16px;
  margin-top: 0;
  color: #02254d;
  text-align: initial;
}

.c9 {
  font-family: Roboto-Bold;
  font-weight: 700;
  font-size: 18px;
  line-height: 24px;
  margin: 0;
  margin-bottom: 8px;
  margin-top: 0;
  color: inherit;
  text-align: initial;
}

.c5 {
  display: -webkit-box;
  display: -webkit-flex;
  display: -ms-flexbox;
  display: flex;
}

.c6 {
  font-family: Roboto-Bold;
  font-weight: 700;
  font-size: 12px;
  line-height: 16px;
  margin: 0;
  margin-bottom: 8px;
  margin-top: 0;
  color: inherit;
  text-align: initial;
  margin-right: 8px;
  color: rgb(92,219,149);
}

.c7 {
  font-family: Roboto-Regular;
  font-weight: 400;
  font-size: 12px;
  line-height: 16px;
  webkit-font-smoothing: antialiased;
  margin: 0;
  margin-bottom: 8px;
  margin-top: 0;
  color: inherit;
  text-align: initial;
  color: #808080;
}

.c10 {
  font-family: Roboto-Regular;
  font-weight: 400;
  font-size: 16px;
  line-height: 20px;
  webkit-font-smoothing: antialiased;
  margin: 0;
  margin-bottom: 0;
  margin-top: 0;
  color: #6c7f87;
  text-align: initial;
  -webkit-letter-spacing: 0.01071em;
  -moz-letter-spacing: 0.01071em;
  -ms-letter-spacing: 0.01071em;
  letter-spacing: 0.01071em;
}

.c2 {
  max-width: 500px;
}

.c2.MuiPaper-root {
  box-shadow: none;
}

.c3 {
  height: 160px;
  border-radius: 4px;
}

.c4.MuiCardContent-root {
  padding-right: 0;
  padding-left: 0;
}

.c8 {
  max-width: 278px;
}

.c0 {
  display: grid;
  -webkit-box-pack: center;
  -webkit-justify-content: center;
  -ms-flex-pack: center;
  justify-content: center;
  margin-top: 34px;
  padding-bottom: 40px;
}

@media (min-width:768px) {
  .c1 {
    font-size: 24px;
  }
}

@media (min-width:1224px) {
  .c1 {
    line-height: 1.5;
    font-size: 24px;
  }
}

@media (min-width:768px) {
  .c9 {
    font-size: 18px;
  }
}

@media (min-width:1224px) {
  .c9 {
    line-height: 1.5;
    font-size: 18px;
  }
}

@media (min-width:768px) {
  .c6 {
    font-size: 12px;
  }
}

@media (min-width:1224px) {
  .c6 {
    line-height: 1.5;
    font-size: 12px;
  }
}

@media (min-width:768px) {
  .c7 {
    font-size: 12px;
  }
}

@media (min-width:1224px) {
  .c7 {
    font-size: 12px;
  }
}

@media (min-width:768px) {
  .c10 {
    font-size: 16px;
  }
}

@media (min-width:1224px) {
  .c10 {
    font-size: 16px;
  }
}

@media (min-width:768px) {
  .c8 {
    max-width: auto;
  }
}

@media (min-width:1224px) {

}

<div
    class="c0"
  >
    <h3
      class="c1"
      color="#02254d"
    >
      Featured articles
    </h3>
    <div
      class="MuiPaper-root MuiCard-root c2 MuiPaper-elevation1 MuiPaper-rounded"
    >
      <button
        class="MuiButtonBase-root MuiCardActionArea-root"
        tabindex="0"
        type="button"
      >
        <div
          class="MuiCardMedia-root c3"
          style="background-image: url(test-file-stub);"
          title="Whats a Normal Amount of Debt... and What's Too Much?"
        />
        <div
          class="MuiCardContent-root c4"
        >
          <div
            class="c5"
          >
            <h3
              class="c6"
            >
              DEBT 101
            </h3>
            <div
              class="Typography__Text-sc-12f2dd0-0 c7"
            >
               | Mar 19, 2020
            </div>
          </div>
          <div
            class="c8"
          >
            <h3
              class="c9"
            >
              Whats a Normal Amount of Debt... and What's Too Much?
            </h3>
          </div>
          <div
            class="Typography__Text-sc-12f2dd0-0 c10"
            color="#6c7f87"
          >
            If you're not comfortable about your debt, you're not alone. 45% of adults admint debt makes them
  feel anxious on a monthly basis
          </div>
        </div>
        <span
          class="MuiCardActionArea-focusHighlight"
        />
        <span
          class="MuiTouchRipple-root"
        />
      </button>
    </div>
  </div>
</DocumentFragment>
`;
