// Jest Snapshot v1, https://goo.gl/fbAQLP

exports[`Home page matches snapshot 1`] = `
<DocumentFragment>
  .c3 {
  font-family: Roboto;
  font-weight: 400;
  font-size: 16px;
  line-height: 20px;
  webkit-font-smoothing: antialiased;
  margin: 0;
  margin-bottom: 44px;
  margin-top: 0;
  color: #6c7f87;
  text-align: initial;
}

.c4 {
  font-family: Roboto;
  font-weight: 700;
  font-size: 16px;
  line-height: 20px;
  margin: 0;
  margin-bottom: 10px;
  margin-top: 0;
  color: #02254d;
  text-align: initial;
}

.c7 {
  font-family: Roboto;
  font-weight: 700;
  font-size: 14px;
  line-height: 18px;
  margin: 0;
  margin-bottom: 0;
  margin-top: 0;
  color: #fff;
  text-align: initial;
}

.c2 {
  font-family: Roboto;
  font-weight: 700;
  font-size: 30px;
  line-height: 1.13;
  margin: 0;
  margin-bottom: 12px;
  margin-top: 0;
  color: #02254d;
  text-align: initial;
}

.c5 {
  display: grid;
  grid-gap: 8px;
  grid-template-rows: 1fr 1fr;
  grid-template-columns: 1fr 1fr;
}

.c6 {
  display: -webkit-box;
  display: -webkit-flex;
  display: -ms-flexbox;
  display: flex;
  -webkit-box-pack: center;
  -webkit-justify-content: center;
  -ms-flex-pack: center;
  justify-content: center;
  background-color: #15db95;
  background-image: url('test-file-stub');
  background-size: 100% 100%,cover;
  background-repeat: no-repeat;
  background-position: center;
  text-transform: uppercase;
  border-radius: 5px;
}

.c6 .c1 {
  display: grid;
  text-align: center;
  -webkit-align-content: center;
  -ms-flex-line-pack: center;
  align-content: center;
  -webkit-box-pack: center;
  -webkit-justify-content: center;
  -ms-flex-pack: center;
  justify-content: center;
  margin: 24px;
}

.c6:before {
  content: '';
  display: block;
  height: 0px;
  width: 0px;
  background: red;
  padding-bottom: calc(90 / 164 * 100%);
}

.c9 {
  font-family: Roboto;
  font-weight: 500;
  font-size: 12px;
  line-height: 16px;
  margin: 0;
  margin-bottom: 0;
  margin-top: 12px;
  color: #5cdb95;
  text-align: center;
  -webkit-text-decoration: underline;
  text-decoration: underline;
}

.c8 {
  margin: 8px;
}

.c0 {
  margin-right: -22px;
  margin-left: -22px;
  padding-right: 22px;
  padding-left: 22px;
  margin-top: -40px;
  padding-top: 40px;
  background-image: url('test-file-stub');
  background-size: 50% auto,contain;
  background-repeat: no-repeat;
  background-position: top right;
}

@media (min-width:768px) {

}

@media (min-width:1224px) {
  .c3 {
    font-size: 16px;
  }
}

@media (min-width:768px) {

}

@media (min-width:1224px) {
  .c4 {
    line-height: 1.5;
  }
}

@media (min-width:768px) {
  .c7 {
    font-size: 14px;
  }
}

@media (min-width:1224px) {
  .c7 {
    line-height: 1.5;
    font-size: 14px;
  }
}

@media (min-width:768px) {
  .c2 {
    font-size: 30px;
  }
}

@media (min-width:1224px) {
  .c2 {
    line-height: 1.5;
    font-size: 30px;
  }
}

@media (min-width:768px) {
  .c5 {
    grid-gap: 32px;
    grid-template-columns: 1fr 1fr 1fr 1fr;
    grid-template-rows: 1fr;
  }
}

@media (min-width:1224px) {
  .c5 {
    grid-gap: 32px;
    grid-template-columns: 1fr 1fr 1fr 1fr;
    grid-template-rows: 1fr;
  }
}

@media (min-width:768px) {
  .c9 {
    font-size: 12px;
  }
}

@media (min-width:1224px) {
  .c9 {
    font-size: 12px;
  }
}

@media (min-width:768px) {
  .c8 {
    margin: 16px;
  }
}

@media (min-width:1224px) {
  .c8 {
    margin: 32px;
  }
}

@media (min-width:768px) {
  .c0 {
    margin-right: -24px;
    margin-left: -24px;
    padding-right: 24px;
    padding-left: 24px;
  }
}

@media (min-width:1224px) {
  .c0 {
    margin-right: -128px;
    margin-left: -128px;
    padding-right: 128px;
    padding-left: 128px;
  }
}

@media (min-width:768px) {
  .c0 {
    margin-top: -40px;
    padding-top: 40px;
  }
}

@media (min-width:1224px) {
  .c0 {
    margin-top: -40px;
    padding-top: -40px;
  }
}

@media (min-width:768px) {
  .c0 {
    display: grid;
    grid-gap: 32px;
    background-image: url('test-file-stub');
    background-size: 50% 100%,contain;
  }
}

@media (min-width:1224px) {
  .c0 {
    display: grid;
    grid-gap: 64px;
    background-image: url('test-file-stub');
    background-size: 50% auto,contain;
  }
}

<div
    class="LayoutComponents__FullWidthWrapper-sc-3dcc8x-1 LayoutComponents__ComponentWrapper-sc-3dcc8x-2 c0"
  >
    <div>
      <h1
        class="c1 c2"
        color="#02254d"
      >
        Make financial decisions simple
      </h1>
      <div
        class="c3"
        color="#6c7f87"
      >
        with personalized guidance
      </div>
    </div>
    <div>
      <h3
        class="c1 c4"
        color="#02254d"
      >
        Manage your debt better
      </h3>
      <div
        class="c5"
      >
        <div
          class="c6"
          src="payoff-debt.png"
        >
          <h3
            class="c1 c7"
            color="#fff"
          >
            Ways to pay off debt
          </h3>
        </div>
        <div
          class="c6"
          src="estimate-debt.png"
        >
          <h3
            class="c1 c7"
            color="#fff"
          >
            Estimate debt-free date
          </h3>
        </div>
        <div
          class="c6"
          src="consolidate.png"
        >
          <h3
            class="c1 c7"
            color="#fff"
          >
            Ways to consolidate
          </h3>
        </div>
        <div
          class="c6"
          src="estimate-savings.png"
        >
          <h3
            class="c1 c7"
            color="#fff"
          >
            Estimate savings
          </h3>
        </div>
      </div>
      <div
        class="c8"
      >
        <div
          class="Typography__TextMedium-sc-12f2dd0-1 c9"
          color="#5cdb95"
          href="/LearnAboutDebt"
        >
          Learn more about debt consolidation
        </div>
      </div>
    </div>
  </div>
</DocumentFragment>
`;
