// Jest Snapshot v1, https://goo.gl/fbAQLP

exports[`Home page matches snapshot 1`] = `
<DocumentFragment>
  .c1 {
  font-family: Roboto-Bold;
  font-weight: 700;
  font-size: 16px;
  line-height: 20px;
  margin: 0;
  margin-bottom: 10px;
  margin-top: 0;
  color: #02254d;
  text-align: initial;
}

.c4 {
  font-family: Roboto-Black;
  font-weight: 700;
  font-size: 14px;
  line-height: 18px;
  margin: 0;
  margin-bottom: 0;
  margin-top: 0;
  color: #fff;
  text-align: initial;
}

.c2 {
  display: grid;
  grid-gap: 8px;
  grid-template-rows: 1fr 1fr;
  grid-template-columns: 1fr 1fr;
}

.c3 {
  display: -webkit-box;
  display: -webkit-flex;
  display: -ms-flexbox;
  display: flex;
  -webkit-box-pack: center;
  -webkit-justify-content: center;
  -ms-flex-pack: center;
  justify-content: center;
  background-color: #15db95;
  background-image: url('test-file-stub');
  background-size: 100% 100%,cover;
  background-repeat: no-repeat;
  background-position: center;
  text-transform: uppercase;
  border-radius: 5px;
}

.c3 .c0 {
  display: grid;
  text-align: center;
  -webkit-align-content: center;
  -ms-flex-line-pack: center;
  align-content: center;
  -webkit-box-pack: center;
  -webkit-justify-content: center;
  -ms-flex-pack: center;
  justify-content: center;
  margin: 24px;
}

.c3:before {
  content: '';
  display: block;
  height: 0px;
  width: 0px;
  background: red;
  padding-bottom: calc(90 / 164 * 100%);
}

.c6 {
  font-family: Roboto-Medium;
  font-weight: 500;
  font-size: 12px;
  line-height: 16px;
  margin: 0;
  margin-bottom: 0;
  margin-top: 12px;
  color: #5cdb95;
  text-align: center;
  -webkit-text-decoration: underline;
  text-decoration: underline;
}

.c5 {
  margin: 8px;
}

@media (min-width:768px) {

}

@media (min-width:1224px) {
  .c1 {
    line-height: 1.5;
  }
}

@media (min-width:768px) {
  .c4 {
    font-size: 14px;
  }
}

@media (min-width:1224px) {
  .c4 {
    line-height: 1.5;
    font-size: 14px;
  }
}

@media (min-width:768px) {
  .c2 {
    grid-gap: 32px;
    grid-template-columns: 1fr 1fr 1fr 1fr;
    grid-template-rows: 1fr;
  }
}

@media (min-width:1224px) {
  .c2 {
    grid-gap: 32px;
    grid-template-columns: 1fr 1fr 1fr 1fr;
    grid-template-rows: 1fr;
  }
}

@media (min-width:768px) {
  .c6 {
    font-size: 12px;
  }
}

@media (min-width:1224px) {
  .c6 {
    font-size: 12px;
  }
}

@media (min-width:768px) {
  .c5 {
    margin: 16px;
  }
}

@media (min-width:1224px) {
  .c5 {
    margin: 32px;
  }
}

<div>
    <h3
      class="c0 c1"
      color="#02254d"
    >
      Manage your debt better
    </h3>
    <div
      class="c2"
    >
      <div
        class="c3"
        src="payoff-debt.png"
      >
        <h3
          class="c0 c4"
          color="#fff"
        >
          Ways to pay off debt
        </h3>
      </div>
      <div
        class="c3"
        src="estimate-debt.png"
      >
        <h3
          class="c0 c4"
          color="#fff"
        >
          Estimate debt-free date
        </h3>
      </div>
      <div
        class="c3"
        src="consolidate.png"
      >
        <h3
          class="c0 c4"
          color="#fff"
        >
          Ways to consolidate
        </h3>
      </div>
      <div
        class="c3"
        src="estimate-savings.png"
      >
        <h3
          class="c0 c4"
          color="#fff"
        >
          Estimate savings
        </h3>
      </div>
    </div>
    <div
      class="c5"
    >
      <div
        class="Typography__TextMedium-sc-12f2dd0-1 c6"
        color="#5cdb95"
        href="/LearnAboutDebt"
      >
        Learn more about debt consolidation
      </div>
    </div>
  </div>
</DocumentFragment>
`;
