// Jest Snapshot v1, https://goo.gl/fbAQLP

exports[`Home page matches snapshot 1`] = `
<DocumentFragment>
  .c2 {
  font-family: Roboto-Medium;
  font-weight: 500;
  font-size: 16px;
  line-height: 20px;
  margin: 0;
  margin-bottom: 0;
  margin-top: 0;
  color: #fff;
  text-align: initial;
}

.c1 {
  font-family: Roboto-Bold;
  font-weight: 700;
  font-size: 24px;
  line-height: 34px;
  margin: 0;
  margin-bottom: 0;
  margin-top: 0;
  color: #fff;
  text-align: initial;
}

.c4 {
  font-family: Roboto-Bold;
  font-weight: 700;
  font-size: 14px;
  line-height: normal;
  margin: 0;
  margin-bottom: 0;
  margin-top: 0;
  color: #5cdb95;
  text-align: initial;
}

.c0 {
  margin-right: -22px;
  margin-left: -22px;
  padding-right: 22px;
  padding-left: 22px;
  padding-top: 28px;
  padding-bottom: 30px;
  display: grid;
  grid-gap: 12px;
  background-color: #5cdb95;
}

.c3 {
  background: #fff;
}

.c3.MuiButton-contained {
  padding: 18px;
  background: #fff;
  text-transform: none;
  -webkit-letter-spacing: 0.14px;
  -moz-letter-spacing: 0.14px;
  -ms-letter-spacing: 0.14px;
  letter-spacing: 0.14px;
}

@media (min-width:768px) {

}

@media (min-width:1224px) {

}

@media (min-width:768px) {
  .c1 {
    font-size: 24px;
  }
}

@media (min-width:1224px) {
  .c1 {
    line-height: 1.5;
    font-size: 24px;
  }
}

@media (min-width:768px) {
  .c4 {
    font-size: 14px;
  }
}

@media (min-width:1224px) {
  .c4 {
    line-height: 1.5;
    font-size: 14px;
  }
}

@media (min-width:768px) {
  .c0 {
    margin-right: -24px;
    margin-left: -24px;
    padding-right: 24px;
    padding-left: 24px;
  }
}

@media (min-width:1224px) {
  .c0 {
    margin-right: -128px;
    margin-left: -128px;
    padding-right: 128px;
    padding-left: 128px;
  }
}

@media (min-width:768px) {
  .c0 {
    grid-gap: 32px;
    -webkit-box-pack: center;
    -webkit-justify-content: center;
    -ms-flex-pack: center;
    justify-content: center;
  }
}

@media (min-width:1224px) {
  .c0 {
    grid-gap: 32px;
    -webkit-box-pack: center;
    -webkit-justify-content: center;
    -ms-flex-pack: center;
    justify-content: center;
  }
}

@media (min-width:768px) {
  .c3 {
    max-width: 400px;
  }
}

@media (min-width:1224px) {
  .c3 {
    max-width: 400px;
  }
}

<div
    class="LayoutComponents__FullWidthWrapper-sc-3dcc8x-1 SectionWithButton__ComponentYPadding-sc-1dmiupz-0 c0"
  >
    <h3
      class="c1"
      color="#fff"
    >
      Take control of your finances
    </h3>
    <div
      class="c2"
      color="#fff"
    >
      We analyze all of your options, so you can act with confidence
    </div>
    <button
      class="MuiButtonBase-root MuiButton-root MuiButton-contained c3 MuiButton-disableElevation"
      tabindex="0"
      type="button"
    >
      <span
        class="MuiButton-label"
      >
        <h3
          class="c4"
          color="#5cdb95"
        >
          Manage Debt
        </h3>
      </span>
      <span
        class="MuiTouchRipple-root"
      />
    </button>
  </div>
</DocumentFragment>
`;
